unique.race
human.race
elf.race
half-elf.race
dark-elf.race
rockseer.race
dwarf.race
svirfnebli.race
duergar.race
arial.race
gnome.race
storm_giant.race
cloud_giant.race
fire_giant.race
frost_giant.race
felar.race
githyanki.race
satyr.race
troll.race
black_dragon.race
blue_dragon.race
green_dragon.race
red_dragon.race
white_dragon.race
brass_dragon.race
gold_dragon.race
silver_dragon.race
bronze_dragon.race
copper_dragon.race
bat.race
bear.race
cat.race
centipede.race
dog.race
doll.race
fido.race
fox.race
goblin.race
hobgoblin.race
kobold.race
lizard.race
modron.race
orc.race
pig.race
rabbit.race
school_monster.race
snake.race
song_bird.race
water_fowl.race
wolf.race
wyvern.race
dragon.race
giant.race
golem.race
undead.race
drow.race
draconian.race
sprite.race
aarakocra.race
beholder.race
tiger.race
lion.race
centaur.race
death_knight.race
dracolich.race
air_elemental.race
earth_elemental.race
fire_elemental.race
water_elemental.race
fish.race
gargoyle.race
ghost.race
ghoul.race
gnoll.race
harpy.race
lamia.race
lich.race
minotaur.race
ogre.race
zombie.race
horse.race
$
