tear.are
group.are
help.are
muddy.are
limbo.are
dream.are
zoology.are
air.are
zoo3.are
plains.are
gstrong.are
firetop2.are
gerghlm2.are
ofcol2.are
immort.are
midgaard.are
arachnos.are
haon.are
canyon.are
dylan.are
catacomb.are
chapel.are
shire.are
dark2.are
draconia.are
chess2.are
astral.are
dwarven.are
drow.are
thalos.are
eastern.are
aarak2.are
galaxy.are
warkeep.are
tree.are
troy.are
mirror2.are
ryzen2.are
titan.are
king2.are
blight.are
dragon2.are
weed.are
ciquala2.are
villa.are
tcwnn.are
mtdoom.are
gtown.are
tcwnn2.are
unholy.are
lich.are
arcadia.are
divsouls.are
drakyri.are
armagddn.are
school.are
daycare.are
newbie2.are
smurf.are
grave.are
gnome.are
mobfact.are
moria.are
midennir.are
mirkwd2.are
hood.are
grove.are
valley.are
mega1.are
mirror.are
sewer.are
nation.are
faeriering.are
trollden.are
marsh.are
newthalos.are
ofcol.are
quifael.are
redferne.are
wyvern.are
hitower.are
mahntor.are
solace.are
coven.are
nirvana.are
antharia.are
pyramid.are
freeport.are
under2.are
camelot.are
abyss2.are
tohell.are
jher.are
olympus.are
prison.are
isles.are
westland.are
abrazak.are
emerald.are
mausoleum.are
hellowin.are
alice.are
hedin.are
schemer.are
setepios.are
quake.are
eidu.are
kanzaki.are
chaos.are
diablo.are
giant.are
magicfor.are
dying.are
elvnhame.are
battlerager.are
knightcastle.are
ruler.are
shalafi.are
invader.are
hunter.are
clanchaos.are
wexsh.are
setepios2.are
gelios.are
arena.are
arborn.are
clones.are
lothlorien.are
pirship.are
circus.are
hellfire.are
prize.are
$
