help.are
limbo.are
smurf.are
emerald.are
plains.are
zoology.are
ofcol2.are
olympus.are
shire.are
immort.are
hitower.are
gnome.are
wyvern.are
magicfor.are
catacomb.are
draconia.are
mahntor.are
dragon2.are
world.are
trollden.are
tree.are
midgaard.are
chapel.are
midennir.are
grave.are
school.are
moria.are
chess2.are
circus.are
silver.are
mausoleum.are
clocktow.are
eastern.are
drow.are
thalos.are
oldmidg.are
ofcol.are
aarak2.are
firetop2.are
haon.are
arachnos.are
dwarven.are
daycare.are
sewer.are
gerghlm2.are
astral.are
valley.are
redferne.are
gtown.are
zoo3.are
marsh.are
pyramid.are
mirkwd2.are
grove.are
nirvana.are
dylan.are
canyon.are
galaxy.are
mobfact.are
newthalos.are
nation.are
westland.are
solace.are
tohell.are
enfan.are
divsouls.are
drakyri.are
arcadia.are
antharia.are
crimgoth.are
giant.are
ciquala2.are
armagddn.are
dark2.are
mtdoom.are
abrazak.are
king2.are
dara.are
warkeep.are
under2.are
isles.are
camelot.are
titan.are
newbie2.are
mirror2.are
alice.are
ryzen2.are
lizard.are
deadisle.are
fon.are
blight.are
nightfall.are
villa.are
dying.are
abyss2.are
gstrong.are
faeriering.are
coven.are
freeport.are
lich.are
troy.are
unholy.are
tcwnn.are
tcwnn2.are
prison.are
gillign2.are
jher.are
hellowin.are
atlantis.are
pixie.are
festiv3.are
clones.are
elvnhame.are
allanson.are
kanzaki.are
newschool.are
lothlorien.are
dessins.are
$
